#
# There is insufficient memory for the Java Runtime Environment to continue.
# Native memory allocation (malloc) failed to allocate 1876496 bytes. Error detail: Chunk::new
# Possible reasons:
#   The system is out of physical RAM or swap space
#   This process is running with CompressedOops enabled, and the Java Heap may be blocking the growth of the native heap
# Possible solutions:
#   Reduce memory load on the system
#   Increase physical memory or swap space
#   Check if swap backing store is full
#   Decrease Java heap size (-Xmx/-Xms)
#   Decrease number of Java threads
#   Decrease Java thread stack sizes (-Xss)
#   Set larger code cache with -XX:ReservedCodeCacheSize=
#   JVM is running with Zero Based Compressed Oops mode in which the Java heap is
#     placed in the first 32GB address space. The Java Heap base address is the
#     maximum limit for the native heap growth. Please use -XX:HeapBaseMinAddress
#     to set the Java Heap base and to place the Java Heap above 32GB virtual address.
# This output file may be truncated or incomplete.
#
#  Out of Memory Error (arena.cpp:168), pid=34356, tid=41096
#
# JRE version: OpenJDK Runtime Environment Temurin-21.0.4+7 (21.0.4+7) (build 21.0.4+7-LTS)
# Java VM: OpenJDK 64-Bit Server VM Temurin-21.0.4+7 (21.0.4+7-LTS, mixed mode, sharing, tiered, compressed oops, compressed class ptrs, g1 gc, windows-amd64)
# No core dump will be written. Minidumps are not enabled by default on client versions of Windows
#

---------------  S U M M A R Y ------------

Command Line: -javaagent:C:\Program Files\JetBrains\IntelliJ IDEA Community Edition 2024.2.0.2\lib\idea_rt.jar=57712:C:\Program Files\JetBrains\IntelliJ IDEA Community Edition 2024.2.0.2\bin -Dfile.encoding=UTF-8 -Dsun.stdout.encoding=UTF-8 -Dsun.stderr.encoding=UTF-8 Backend.VotingBackendApplication

Host: AMD Ryzen 5 7535HS with Radeon Graphics        , 12 cores, 15G,  Windows 11 , 64 bit Build 26100 (10.0.26100.4484)
Time: Tue Feb  3 18:11:59 2026 India Standard Time elapsed time: 16.889401 seconds (0d 0h 0m 16s)

---------------  T H R E A D  ---------------

Current thread (0x0000022370413150):  JavaThread "C2 CompilerThread0" daemon [_thread_in_native, id=41096, stack(0x000000d5bc800000,0x000000d5bc900000) (1024K)]


Current CompileTask:
C2:  16889 6159       4       java.lang.invoke.MethodType::makeImpl (109 bytes)

Stack: [0x000000d5bc800000,0x000000d5bc900000]
Native frames: (J=compiled Java code, j=interpreted, Vv=VM code, C=native code)
V  [jvm.dll+0x6cbcf9]
V  [jvm.dll+0x8a5551]
V  [jvm.dll+0x8a7a7e]
V  [jvm.dll+0x8a8153]
V  [jvm.dll+0x27eca6]
V  [jvm.dll+0xc4aad]
V  [jvm.dll+0xc4fe3]
V  [jvm.dll+0x3b5102]
V  [jvm.dll+0x3815a5]
V  [jvm.dll+0x380a0a]
V  [jvm.dll+0x247110]
V  [jvm.dll+0x2466ef]
V  [jvm.dll+0x1c6f7e]
V  [jvm.dll+0x255e7a]
V  [jvm.dll+0x25441a]
V  [jvm.dll+0x3eeef6]
V  [jvm.dll+0x84f17b]
V  [jvm.dll+0x6ca3fd]
C  [ucrtbase.dll+0x37b0]
C  [KERNEL32.DLL+0x2e8d7]
C  [ntdll.dll+0x3c34c]


---------------  P R O C E S S  ---------------

Threads class SMR info:
_java_thread_list=0x0000022370639f40, length=31, elements={
0x00000223703f5730, 0x00000223703f6eb0, 0x00000223703fc060, 0x00000223703fcf50,
0x00000223703fe6d0, 0x0000022370401140, 0x0000022370413150, 0x00000223704199a0,
0x00000223705f9960, 0x00000223708b7c60, 0x00000223708b8ae0, 0x0000022377912350,
0x0000022377371e50, 0x000002237802c270, 0x0000022376811e10, 0x000002237a8f6500,
0x00000223790558d0, 0x0000022379055240, 0x0000022379053e90, 0x0000022379054bb0,
0x0000022379055f60, 0x0000022379054520, 0x00000223790565f0, 0x0000022379056c80,
0x0000022379dcd1e0, 0x0000022379dcec20, 0x0000022379dcd870, 0x0000022379dd1380,
0x0000022379dcdf00, 0x000002237041a740, 0x0000022379dd1a10
}

Java Threads: ( => current thread )
  0x00000223703f5730 JavaThread "Reference Handler"          daemon [_thread_blocked, id=44092, stack(0x000000d5bc200000,0x000000d5bc300000) (1024K)]
  0x00000223703f6eb0 JavaThread "Finalizer"                  daemon [_thread_blocked, id=35680, stack(0x000000d5bc300000,0x000000d5bc400000) (1024K)]
  0x00000223703fc060 JavaThread "Signal Dispatcher"          daemon [_thread_blocked, id=41888, stack(0x000000d5bc400000,0x000000d5bc500000) (1024K)]
  0x00000223703fcf50 JavaThread "Attach Listener"            daemon [_thread_blocked, id=13892, stack(0x000000d5bc500000,0x000000d5bc600000) (1024K)]
  0x00000223703fe6d0 JavaThread "Service Thread"             daemon [_thread_blocked, id=13316, stack(0x000000d5bc600000,0x000000d5bc700000) (1024K)]
  0x0000022370401140 JavaThread "Monitor Deflation Thread"   daemon [_thread_blocked, id=41324, stack(0x000000d5bc700000,0x000000d5bc800000) (1024K)]
=>0x0000022370413150 JavaThread "C2 CompilerThread0"         daemon [_thread_in_native, id=41096, stack(0x000000d5bc800000,0x000000d5bc900000) (1024K)]
  0x00000223704199a0 JavaThread "C1 CompilerThread0"         daemon [_thread_blocked, id=43908, stack(0x000000d5bc900000,0x000000d5bca00000) (1024K)]
  0x00000223705f9960 JavaThread "Common-Cleaner"             daemon [_thread_blocked, id=42876, stack(0x000000d5bca00000,0x000000d5bcb00000) (1024K)]
  0x00000223708b7c60 JavaThread "Monitor Ctrl-Break"         daemon [_thread_in_native, id=42164, stack(0x000000d5bcc00000,0x000000d5bcd00000) (1024K)]
  0x00000223708b8ae0 JavaThread "Notification Thread"        daemon [_thread_blocked, id=29712, stack(0x000000d5bcd00000,0x000000d5bce00000) (1024K)]
  0x0000022377912350 JavaThread "Catalina-utility-1"                [_thread_blocked, id=3152, stack(0x000000d5bd300000,0x000000d5bd400000) (1024K)]
  0x0000022377371e50 JavaThread "Catalina-utility-2"                [_thread_blocked, id=31728, stack(0x000000d5bdb00000,0x000000d5bdc00000) (1024K)]
  0x000002237802c270 JavaThread "container-0"                       [_thread_blocked, id=36936, stack(0x000000d5bdc00000,0x000000d5bdd00000) (1024K)]
  0x0000022376811e10 JavaThread "Cleaner-0"                  daemon [_thread_blocked, id=39720, stack(0x000000d5bdd00000,0x000000d5bde00000) (1024K)]
  0x000002237a8f6500 JavaThread "HikariPool-1:housekeeper"   daemon [_thread_blocked, id=33628, stack(0x000000d5bde00000,0x000000d5bdf00000) (1024K)]
  0x00000223790558d0 JavaThread "http-nio-8080-exec-1"       daemon [_thread_blocked, id=6752, stack(0x000000d5be100000,0x000000d5be200000) (1024K)]
  0x0000022379055240 JavaThread "http-nio-8080-exec-2"       daemon [_thread_in_Java, id=36616, stack(0x000000d5be200000,0x000000d5be300000) (1024K)]
  0x0000022379053e90 JavaThread "http-nio-8080-exec-3"       daemon [_thread_in_Java, id=41188, stack(0x000000d5be300000,0x000000d5be400000) (1024K)]
  0x0000022379054bb0 JavaThread "http-nio-8080-exec-4"       daemon [_thread_in_Java, id=26204, stack(0x000000d5be400000,0x000000d5be500000) (1024K)]
  0x0000022379055f60 JavaThread "http-nio-8080-exec-5"       daemon [_thread_in_Java, id=22880, stack(0x000000d5be500000,0x000000d5be600000) (1024K)]
  0x0000022379054520 JavaThread "http-nio-8080-exec-6"       daemon [_thread_in_Java, id=40376, stack(0x000000d5be600000,0x000000d5be700000) (1024K)]
  0x00000223790565f0 JavaThread "http-nio-8080-exec-7"       daemon [_thread_blocked, id=30748, stack(0x000000d5be700000,0x000000d5be800000) (1024K)]
  0x0000022379056c80 JavaThread "http-nio-8080-exec-8"       daemon [_thread_blocked, id=22276, stack(0x000000d5be800000,0x000000d5be900000) (1024K)]
  0x0000022379dcd1e0 JavaThread "http-nio-8080-exec-9"       daemon [_thread_blocked, id=28068, stack(0x000000d5be900000,0x000000d5bea00000) (1024K)]
  0x0000022379dcec20 JavaThread "http-nio-8080-exec-10"      daemon [_thread_blocked, id=25852, stack(0x000000d5bea00000,0x000000d5beb00000) (1024K)]
  0x0000022379dcd870 JavaThread "http-nio-8080-Poller"       daemon [_thread_in_native, id=36144, stack(0x000000d5beb00000,0x000000d5bec00000) (1024K)]
  0x0000022379dd1380 JavaThread "http-nio-8080-Acceptor"     daemon [_thread_in_native, id=43756, stack(0x000000d5bec00000,0x000000d5bed00000) (1024K)]
  0x0000022379dcdf00 JavaThread "DestroyJavaVM"                     [_thread_blocked, id=35952, stack(0x000000d5bba00000,0x000000d5bbb00000) (1024K)]
  0x000002237041a740 JavaThread "C2 CompilerThread1"         daemon [_thread_in_native, id=8228, stack(0x000000d5bcb00000,0x000000d5bcc00000) (1024K)]
  0x0000022379dd1a10 JavaThread "HikariPool-1:connection-adder" daemon [_thread_blocked, id=16188, stack(0x000000d5bdf00000,0x000000d5be000000) (1024K)]
Total: 31

Other Threads:
  0x00000223703d7b40 VMThread "VM Thread"                           [id=45904, stack(0x000000d5bc100000,0x000000d5bc200000) (1024K)]
  0x00000223703be8d0 WatcherThread "VM Periodic Task Thread"        [id=34984, stack(0x000000d5bc000000,0x000000d5bc100000) (1024K)]
  0x0000022350f0ec20 WorkerThread "GC Thread#0"                     [id=13948, stack(0x000000d5bbb00000,0x000000d5bbc00000) (1024K)]
  0x0000022375db30a0 WorkerThread "GC Thread#1"                     [id=39944, stack(0x000000d5bce00000,0x000000d5bcf00000) (1024K)]
  0x0000022375db3440 WorkerThread "GC Thread#2"                     [id=43808, stack(0x000000d5bcf00000,0x000000d5bd000000) (1024K)]
  0x0000022375bd3470 WorkerThread "GC Thread#3"                     [id=37788, stack(0x000000d5bd000000,0x000000d5bd100000) (1024K)]
  0x0000022375bd3c90 WorkerThread "GC Thread#4"                     [id=33696, stack(0x000000d5bd100000,0x000000d5bd200000) (1024K)]
  0x00000223753919d0 WorkerThread "GC Thread#5"                     [id=30708, stack(0x000000d5bd200000,0x000000d5bd300000) (1024K)]
  0x00000223760d1560 WorkerThread "GC Thread#6"                     [id=22612, stack(0x000000d5bd400000,0x000000d5bd500000) (1024K)]
  0x0000022376072fe0 WorkerThread "GC Thread#7"                     [id=10916, stack(0x000000d5bd500000,0x000000d5bd600000) (1024K)]
  0x000002237629d3c0 WorkerThread "GC Thread#8"                     [id=6900, stack(0x000000d5bd600000,0x000000d5bd700000) (1024K)]
  0x0000022376222350 WorkerThread "GC Thread#9"                     [id=13824, stack(0x000000d5bd700000,0x000000d5bd800000) (1024K)]
  0x0000022350f1fed0 ConcurrentGCThread "G1 Main Marker"            [id=19232, stack(0x000000d5bbc00000,0x000000d5bbd00000) (1024K)]
  0x0000022350f21080 WorkerThread "G1 Conc#0"                       [id=7816, stack(0x000000d5bbd00000,0x000000d5bbe00000) (1024K)]
  0x0000022376148e10 WorkerThread "G1 Conc#1"                       [id=13776, stack(0x000000d5bd900000,0x000000d5bda00000) (1024K)]
  0x0000022376147bf0 WorkerThread "G1 Conc#2"                       [id=15048, stack(0x000000d5bda00000,0x000000d5bdb00000) (1024K)]
  0x0000022370289860 ConcurrentGCThread "G1 Refine#0"               [id=34516, stack(0x000000d5bbe00000,0x000000d5bbf00000) (1024K)]
  0x000002237028d0a0 ConcurrentGCThread "G1 Service"                [id=27880, stack(0x000000d5bbf00000,0x000000d5bc000000) (1024K)]
Total: 18

Threads with active compile tasks:
C2 CompilerThread0    16940 6159       4       java.lang.invoke.MethodType::makeImpl (109 bytes)
C2 CompilerThread1    16940 6256       4       org.springframework.security.crypto.bcrypt.BCrypt::encipher (253 bytes)
Total: 2

VM state: not at safepoint (normal execution)

VM Mutex/Monitor currently owned by a thread: None

Heap address: 0x000000070ac00000, size: 3924 MB, Compressed Oops mode: Zero based, Oop shift amount: 3

CDS archive(s) mapped at: [0x0000022300000000-0x0000022300c90000-0x0000022300c90000), size 13172736, SharedBaseAddress: 0x0000022300000000, ArchiveRelocationMode: 1.
Compressed class space mapped at: 0x0000022301000000-0x0000022341000000, reserved size: 1073741824
Narrow klass base: 0x0000022300000000, Narrow klass shift: 0, Narrow klass range: 0x100000000

GC Precious Log:
 CardTable entry size: 512
 Card Set container configuration: InlinePtr #cards 4 size 8 Array Of Cards #cards 16 size 48 Howl #buckets 8 coarsen threshold 3686 Howl Bitmap #cards 512 size 80 coarsen threshold 460 Card regions per heap region 1 cards per card region 4096
 CPUs: 12 total, 12 available
 Memory: 15690M
 Large Page Support: Disabled
 NUMA Support: Disabled
 Compressed Oops: Enabled (Zero based)
 Heap Region Size: 2M
 Heap Min Capacity: 8M
 Heap Initial Capacity: 246M
 Heap Max Capacity: 3924M
 Pre-touch: Disabled
 Parallel Workers: 10
 Concurrent Workers: 3
 Concurrent Refinement Workers: 10
 Periodic GC: Disabled

Heap:
 garbage-first heap   total 75776K, used 45548K [0x000000070ac00000, 0x0000000800000000)
  region size 2048K, 11 young (22528K), 3 survivors (6144K)
 Metaspace       used 83466K, committed 84224K, reserved 1179648K
  class space    used 11708K, committed 12032K, reserved 1048576K

Heap Regions: E=young(eden), S=young(survivor), O=old, HS=humongous(starts), HC=humongous(continues), CS=collection set, F=free, TAMS=top-at-mark-start, PB=parsable bottom
|   0|0x000000070ac00000, 0x000000070ae00000, 0x000000070ae00000|100%| O|  |TAMS 0x000000070ac00000| PB 0x000000070ac00000| Untracked 
|   1|0x000000070ae00000, 0x000000070b000000, 0x000000070b000000|100%| O|  |TAMS 0x000000070ae00000| PB 0x000000070ae00000| Untracked 
|   2|0x000000070b000000, 0x000000070b200000, 0x000000070b200000|100%| O|  |TAMS 0x000000070b000000| PB 0x000000070b000000| Untracked 
|   3|0x000000070b200000, 0x000000070b400000, 0x000000070b400000|100%| O|  |TAMS 0x000000070b200000| PB 0x000000070b200000| Untracked 
|   4|0x000000070b400000, 0x000000070b600000, 0x000000070b600000|100%| O|  |TAMS 0x000000070b400000| PB 0x000000070b400000| Untracked 
|   5|0x000000070b600000, 0x000000070b800000, 0x000000070b800000|100%| O|  |TAMS 0x000000070b600000| PB 0x000000070b600000| Untracked 
|   6|0x000000070b800000, 0x000000070ba00000, 0x000000070ba00000|100%| O|  |TAMS 0x000000070b800000| PB 0x000000070b800000| Untracked 
|   7|0x000000070ba00000, 0x000000070bc00000, 0x000000070bc00000|100%| O|  |TAMS 0x000000070ba00000| PB 0x000000070ba00000| Untracked 
|   8|0x000000070bc00000, 0x000000070be00000, 0x000000070be00000|100%| O|  |TAMS 0x000000070bc00000| PB 0x000000070bc00000| Untracked 
|   9|0x000000070be00000, 0x000000070c000000, 0x000000070c000000|100%| O|  |TAMS 0x000000070be00000| PB 0x000000070be00000| Untracked 
|  10|0x000000070c000000, 0x000000070c0e6b00, 0x000000070c200000| 45%| O|  |TAMS 0x000000070c000000| PB 0x000000070c000000| Untracked 
|  11|0x000000070c200000, 0x000000070c400000, 0x000000070c400000|100%| O|  |TAMS 0x000000070c200000| PB 0x000000070c200000| Untracked 
|  12|0x000000070c400000, 0x000000070c600000, 0x000000070c600000|100%| O|  |TAMS 0x000000070c400000| PB 0x000000070c400000| Untracked 
|  13|0x000000070c600000, 0x000000070c800000, 0x000000070c800000|100%| O|  |TAMS 0x000000070c600000| PB 0x000000070c600000| Untracked 
|  14|0x000000070c800000, 0x000000070c800000, 0x000000070ca00000|  0%| F|  |TAMS 0x000000070c800000| PB 0x000000070c800000| Untracked 
|  15|0x000000070ca00000, 0x000000070ca00000, 0x000000070cc00000|  0%| F|  |TAMS 0x000000070ca00000| PB 0x000000070ca00000| Untracked 
|  16|0x000000070cc00000, 0x000000070cd94750, 0x000000070ce00000| 78%| S|CS|TAMS 0x000000070cc00000| PB 0x000000070cc00000| Complete 
|  17|0x000000070ce00000, 0x000000070d000000, 0x000000070d000000|100%| S|CS|TAMS 0x000000070ce00000| PB 0x000000070ce00000| Complete 
|  18|0x000000070d000000, 0x000000070d000000, 0x000000070d200000|  0%| F|  |TAMS 0x000000070d000000| PB 0x000000070d000000| Untracked 
|  19|0x000000070d200000, 0x000000070d200000, 0x000000070d400000|  0%| F|  |TAMS 0x000000070d200000| PB 0x000000070d200000| Untracked 
|  20|0x000000070d400000, 0x000000070d400000, 0x000000070d600000|  0%| F|  |TAMS 0x000000070d400000| PB 0x000000070d400000| Untracked 
|  21|0x000000070d600000, 0x000000070d800000, 0x000000070d800000|100%| S|CS|TAMS 0x000000070d600000| PB 0x000000070d600000| Complete 
|  22|0x000000070d800000, 0x000000070d800000, 0x000000070da00000|  0%| F|  |TAMS 0x000000070d800000| PB 0x000000070d800000| Untracked 
|  23|0x000000070da00000, 0x000000070da00000, 0x000000070dc00000|  0%| F|  |TAMS 0x000000070da00000| PB 0x000000070da00000| Untracked 
|  24|0x000000070dc00000, 0x000000070dc00000, 0x000000070de00000|  0%| F|  |TAMS 0x000000070dc00000| PB 0x000000070dc00000| Untracked 
|  25|0x000000070de00000, 0x000000070de00000, 0x000000070e000000|  0%| F|  |TAMS 0x000000070de00000| PB 0x000000070de00000| Untracked 
|  26|0x000000070e000000, 0x000000070e000000, 0x000000070e200000|  0%| F|  |TAMS 0x000000070e000000| PB 0x000000070e000000| Untracked 
|  27|0x000000070e200000, 0x000000070e200000, 0x000000070e400000|  0%| F|  |TAMS 0x000000070e200000| PB 0x000000070e200000| Untracked 
|  28|0x000000070e400000, 0x000000070e400000, 0x000000070e600000|  0%| F|  |TAMS 0x000000070e400000| PB 0x000000070e400000| Untracked 
|  29|0x000000070e600000, 0x000000070e68f210, 0x000000070e800000| 27%| E|  |TAMS 0x000000070e600000| PB 0x000000070e600000| Complete 
|  30|0x000000070e800000, 0x000000070ea00000, 0x000000070ea00000|100%| E|CS|TAMS 0x000000070e800000| PB 0x000000070e800000| Complete 
|  31|0x000000070ea00000, 0x000000070ec00000, 0x000000070ec00000|100%| E|CS|TAMS 0x000000070ea00000| PB 0x000000070ea00000| Complete 
|  32|0x000000070ec00000, 0x000000070ee00000, 0x000000070ee00000|100%| E|CS|TAMS 0x000000070ec00000| PB 0x000000070ec00000| Complete 
|  33|0x000000070ee00000, 0x000000070f000000, 0x000000070f000000|100%| E|CS|TAMS 0x000000070ee00000| PB 0x000000070ee00000| Complete 
|  34|0x000000070f000000, 0x000000070f200000, 0x000000070f200000|100%| E|CS|TAMS 0x000000070f000000| PB 0x000000070f000000| Complete 
|  35|0x000000070f200000, 0x000000070f400000, 0x000000070f400000|100%| E|  |TAMS 0x000000070f200000| PB 0x000000070f200000| Complete 
| 122|0x000000071a000000, 0x000000071a200000, 0x000000071a200000|100%| E|CS|TAMS 0x000000071a000000| PB 0x000000071a000000| Complete 

Card table byte_map: [0x0000022369270000,0x0000022369a20000] _byte_map_base: 0x0000022365a1a000

Marking Bits: (CMBitMap*) 0x0000022350f0f230
 Bits: [0x0000022369a20000, 0x000002236d770000)

Polling page: 0x000002234eb00000

Metaspace:

Usage:
  Non-class:     70.08 MB used.
      Class:     11.43 MB used.
       Both:     81.51 MB used.

Virtual space:
  Non-class space:      128.00 MB reserved,      70.50 MB ( 55%) committed,  2 nodes.
      Class space:        1.00 GB reserved,      11.75 MB (  1%) committed,  1 nodes.
             Both:        1.12 GB reserved,      82.25 MB (  7%) committed. 

Chunk freelists:
   Non-Class:  9.14 MB
       Class:  4.27 MB
        Both:  13.41 MB

MaxMetaspaceSize: unlimited
CompressedClassSpaceSize: 1.00 GB
Initial GC threshold: 21.00 MB
Current GC threshold: 98.44 MB
CDS: on
 - commit_granule_bytes: 65536.
 - commit_granule_words: 8192.
 - virtual_space_node_default_size: 8388608.
 - enlarge_chunks_in_place: 1.
 - use_allocation_guard: 0.


Internal statistics:

num_allocs_failed_limit: 11.
num_arena_births: 1072.
num_arena_deaths: 0.
num_vsnodes_births: 3.
num_vsnodes_deaths: 0.
num_space_committed: 1316.
num_space_uncommitted: 0.
num_chunks_returned_to_freelist: 11.
num_chunks_taken_from_freelist: 4101.
num_chunk_merges: 11.
num_chunk_splits: 3040.
num_chunks_enlarged: 2427.
num_inconsistent_stats: 0.

CodeHeap 'non-profiled nmethods': size=120000Kb used=4031Kb max_used=4031Kb free=115968Kb
 bounds [0x0000022361040000, 0x0000022361430000, 0x0000022368570000]
CodeHeap 'profiled nmethods': size=120000Kb used=10965Kb max_used=10965Kb free=109034Kb
 bounds [0x0000022359570000, 0x000002235a030000, 0x0000022360aa0000]
CodeHeap 'non-nmethods': size=5760Kb used=1694Kb max_used=1718Kb free=4065Kb
 bounds [0x0000022360aa0000, 0x0000022360d10000, 0x0000022361040000]
 total_blobs=6288 nmethods=5564 adapters=628
 compilation: enabled
              stopped_count=0, restarted_count=0
 full_count=0

Compilation events (20 events):
Event: 15.820 Thread 0x00000223704199a0 6219       3       sun.nio.ch.Util$BufferCache::next (8 bytes)
Event: 15.820 Thread 0x00000223704199a0 nmethod 6219 0x000002235a019410 code [0x000002235a0195a0, 0x000002235a0196d8]
Event: 15.820 Thread 0x00000223704199a0 6220       3       sun.nio.ch.Util::isBufferTooLarge (8 bytes)
Event: 15.820 Thread 0x00000223704199a0 nmethod 6220 0x000002235a019790 code [0x000002235a019940, 0x000002235a019b10]
Event: 15.820 Thread 0x00000223704199a0 6221       3       java.nio.ByteBuffer::rewind (7 bytes)
Event: 15.820 Thread 0x00000223704199a0 nmethod 6221 0x000002235a019c10 code [0x000002235a019da0, 0x000002235a019f18]
Event: 15.821 Thread 0x00000223704199a0 6222       3       java.nio.MappedByteBuffer::rewind (5 bytes)
Event: 15.821 Thread 0x00000223704199a0 nmethod 6222 0x000002235a01a010 code [0x000002235a01a1c0, 0x000002235a01a3f8]
Event: 15.821 Thread 0x00000223704199a0 6223       3       java.nio.MappedByteBuffer::rewind (7 bytes)
Event: 15.821 Thread 0x00000223704199a0 nmethod 6223 0x000002235a01a510 code [0x000002235a01a6c0, 0x000002235a01a898]
Event: 15.828 Thread 0x00000223704199a0 6224       3       org.postgresql.core.AsciiStringInterner::arrayEquals (43 bytes)
Event: 15.828 Thread 0x00000223704199a0 nmethod 6224 0x000002235a01a990 code [0x000002235a01ab40, 0x000002235a01ae08]
Event: 15.839 Thread 0x000002237041a740 nmethod 6194 0x0000022361428690 code [0x0000022361428960, 0x0000022361429a98]
Event: 15.839 Thread 0x000002237041a740 6181       4       jdk.internal.org.objectweb.asm.MethodVisitor::<init> (7 bytes)
Event: 15.841 Thread 0x000002237041a740 nmethod 6181 0x000002236142a610 code [0x000002236142a7a0, 0x000002236142a8e8]
Event: 15.847 Thread 0x00000223704199a0 6225       1       org.hibernate.metamodel.mapping.internal.AbstractAttributeMapping::getDeclaringType (5 bytes)
Event: 15.847 Thread 0x00000223704199a0 nmethod 6225 0x000002236142a990 code [0x000002236142ab20, 0x000002236142abf0]
Event: 15.848 Thread 0x000002237041a740 6226   !   4       java.lang.invoke.MemberName$Factory::resolve (159 bytes)
Event: 15.863 Thread 0x00000223704199a0 6227       3       org.postgresql.core.Encoding::decode (15 bytes)
Event: 15.864 Thread 0x00000223704199a0 nmethod 6227 0x000002235a01af90 code [0x000002235a01b140, 0x000002235a01b2f0]

GC Heap History (20 events):
Event: 2.887 GC heap before
{Heap before GC invocations=4 (full 0):
 garbage-first heap   total 49152K, used 36277K [0x000000070ac00000, 0x0000000800000000)
  region size 2048K, 14 young (28672K), 3 survivors (6144K)
 Metaspace       used 24343K, committed 24832K, reserved 1114112K
  class space    used 3106K, committed 3328K, reserved 1048576K
}
Event: 2.896 GC heap after
{Heap after GC invocations=5 (full 0):
 garbage-first heap   total 49152K, used 15955K [0x000000070ac00000, 0x0000000800000000)
  region size 2048K, 2 young (4096K), 2 survivors (4096K)
 Metaspace       used 24343K, committed 24832K, reserved 1114112K
  class space    used 3106K, committed 3328K, reserved 1048576K
}
Event: 3.541 GC heap before
{Heap before GC invocations=5 (full 0):
 garbage-first heap   total 49152K, used 34387K [0x000000070ac00000, 0x0000000800000000)
  region size 2048K, 11 young (22528K), 2 survivors (4096K)
 Metaspace       used 27601K, committed 28096K, reserved 1114112K
  class space    used 3538K, committed 3776K, reserved 1048576K
}
Event: 3.550 GC heap after
{Heap after GC invocations=6 (full 0):
 garbage-first heap   total 49152K, used 17359K [0x000000070ac00000, 0x0000000800000000)
  region size 2048K, 1 young (2048K), 1 survivors (2048K)
 Metaspace       used 27601K, committed 28096K, reserved 1114112K
  class space    used 3538K, committed 3776K, reserved 1048576K
}
Event: 4.222 GC heap before
{Heap before GC invocations=6 (full 0):
 garbage-first heap   total 49152K, used 35791K [0x000000070ac00000, 0x0000000800000000)
  region size 2048K, 10 young (20480K), 1 survivors (2048K)
 Metaspace       used 31867K, committed 32384K, reserved 1114112K
  class space    used 4122K, committed 4352K, reserved 1048576K
}
Event: 4.231 GC heap after
{Heap after GC invocations=7 (full 0):
 garbage-first heap   total 49152K, used 19357K [0x000000070ac00000, 0x0000000800000000)
  region size 2048K, 2 young (4096K), 2 survivors (4096K)
 Metaspace       used 31867K, committed 32384K, reserved 1114112K
  class space    used 4122K, committed 4352K, reserved 1048576K
}
Event: 4.854 GC heap before
{Heap before GC invocations=7 (full 0):
 garbage-first heap   total 49152K, used 33693K [0x000000070ac00000, 0x0000000800000000)
  region size 2048K, 11 young (22528K), 2 survivors (4096K)
 Metaspace       used 35555K, committed 36096K, reserved 1114112K
  class space    used 4648K, committed 4864K, reserved 1048576K
}
Event: 4.859 GC heap after
{Heap after GC invocations=8 (full 0):
 garbage-first heap   total 151552K, used 20769K [0x000000070ac00000, 0x0000000800000000)
  region size 2048K, 2 young (4096K), 2 survivors (4096K)
 Metaspace       used 35555K, committed 36096K, reserved 1114112K
  class space    used 4648K, committed 4864K, reserved 1048576K
}
Event: 6.281 GC heap before
{Heap before GC invocations=9 (full 0):
 garbage-first heap   total 75776K, used 61729K [0x000000070ac00000, 0x0000000800000000)
  region size 2048K, 22 young (45056K), 2 survivors (4096K)
 Metaspace       used 46867K, committed 47488K, reserved 1114112K
  class space    used 6446K, committed 6720K, reserved 1048576K
}
Event: 6.286 GC heap after
{Heap after GC invocations=10 (full 0):
 garbage-first heap   total 75776K, used 23859K [0x000000070ac00000, 0x0000000800000000)
  region size 2048K, 3 young (6144K), 3 survivors (6144K)
 Metaspace       used 46867K, committed 47488K, reserved 1114112K
  class space    used 6446K, committed 6720K, reserved 1048576K
}
Event: 7.153 GC heap before
{Heap before GC invocations=10 (full 0):
 garbage-first heap   total 75776K, used 56627K [0x000000070ac00000, 0x0000000800000000)
  region size 2048K, 20 young (40960K), 3 survivors (6144K)
 Metaspace       used 56152K, committed 56768K, reserved 1114112K
  class space    used 7523K, committed 7808K, reserved 1048576K
}
Event: 7.159 GC heap after
{Heap after GC invocations=11 (full 0):
 garbage-first heap   total 75776K, used 25255K [0x000000070ac00000, 0x0000000800000000)
  region size 2048K, 3 young (6144K), 3 survivors (6144K)
 Metaspace       used 56152K, committed 56768K, reserved 1114112K
  class space    used 7523K, committed 7808K, reserved 1048576K
}
Event: 7.426 GC heap before
{Heap before GC invocations=11 (full 0):
 garbage-first heap   total 75776K, used 33447K [0x000000070ac00000, 0x0000000800000000)
  region size 2048K, 8 young (16384K), 3 survivors (6144K)
 Metaspace       used 59816K, committed 60416K, reserved 1114112K
  class space    used 8077K, committed 8384K, reserved 1048576K
}
Event: 7.430 GC heap after
{Heap after GC invocations=12 (full 0):
 garbage-first heap   total 75776K, used 25724K [0x000000070ac00000, 0x0000000800000000)
  region size 2048K, 2 young (4096K), 2 survivors (4096K)
 Metaspace       used 59816K, committed 60416K, reserved 1114112K
  class space    used 8077K, committed 8384K, reserved 1048576K
}
Event: 8.478 GC heap before
{Heap before GC invocations=13 (full 0):
 garbage-first heap   total 75776K, used 62588K [0x000000070ac00000, 0x0000000800000000)
  region size 2048K, 20 young (40960K), 2 survivors (4096K)
 Metaspace       used 67953K, committed 68608K, reserved 1114112K
  class space    used 9370K, committed 9664K, reserved 1048576K
}
Event: 8.483 GC heap after
{Heap after GC invocations=14 (full 0):
 garbage-first heap   total 75776K, used 28087K [0x000000070ac00000, 0x0000000800000000)
  region size 2048K, 3 young (6144K), 3 survivors (6144K)
 Metaspace       used 67953K, committed 68608K, reserved 1114112K
  class space    used 9370K, committed 9664K, reserved 1048576K
}
Event: 9.433 GC heap before
{Heap before GC invocations=14 (full 0):
 garbage-first heap   total 75776K, used 60855K [0x000000070ac00000, 0x0000000800000000)
  region size 2048K, 19 young (38912K), 3 survivors (6144K)
 Metaspace       used 73023K, committed 73792K, reserved 1114112K
  class space    used 10048K, committed 10368K, reserved 1048576K
}
Event: 9.438 GC heap after
{Heap after GC invocations=15 (full 0):
 garbage-first heap   total 75776K, used 30600K [0x000000070ac00000, 0x0000000800000000)
  region size 2048K, 3 young (6144K), 3 survivors (6144K)
 Metaspace       used 73023K, committed 73792K, reserved 1114112K
  class space    used 10048K, committed 10368K, reserved 1048576K
}
Event: 14.217 GC heap before
{Heap before GC invocations=15 (full 0):
 garbage-first heap   total 75776K, used 59272K [0x000000070ac00000, 0x0000000800000000)
  region size 2048K, 18 young (36864K), 3 survivors (6144K)
 Metaspace       used 79514K, committed 80256K, reserved 1179648K
  class space    used 11094K, committed 11392K, reserved 1048576K
}
Event: 14.228 GC heap after
{Heap after GC invocations=16 (full 0):
 garbage-first heap   total 75776K, used 33260K [0x000000070ac00000, 0x0000000800000000)
  region size 2048K, 3 young (6144K), 3 survivors (6144K)
 Metaspace       used 79514K, committed 80256K, reserved 1179648K
  class space    used 11094K, committed 11392K, reserved 1048576K
}

Dll operation events (13 events):
Event: 0.013 Loaded shared library C:\Program Files\Eclipse Adoptium\jdk-21.0.4.7-hotspot\bin\java.dll
Event: 0.050 Loaded shared library C:\Program Files\Eclipse Adoptium\jdk-21.0.4.7-hotspot\bin\jsvml.dll
Event: 0.214 Loaded shared library C:\Program Files\Eclipse Adoptium\jdk-21.0.4.7-hotspot\bin\zip.dll
Event: 0.220 Loaded shared library C:\Program Files\Eclipse Adoptium\jdk-21.0.4.7-hotspot\bin\instrument.dll
Event: 0.228 Loaded shared library C:\Program Files\Eclipse Adoptium\jdk-21.0.4.7-hotspot\bin\net.dll
Event: 0.231 Loaded shared library C:\Program Files\Eclipse Adoptium\jdk-21.0.4.7-hotspot\bin\nio.dll
Event: 0.236 Loaded shared library C:\Program Files\Eclipse Adoptium\jdk-21.0.4.7-hotspot\bin\zip.dll
Event: 0.424 Loaded shared library C:\Program Files\JetBrains\IntelliJ IDEA Community Edition 2024.2.0.2\bin\breakgen64.dll
Event: 0.437 Loaded shared library C:\Program Files\Eclipse Adoptium\jdk-21.0.4.7-hotspot\bin\extnet.dll
Event: 0.477 Loaded shared library C:\Program Files\Eclipse Adoptium\jdk-21.0.4.7-hotspot\bin\jimage.dll
Event: 2.448 Loaded shared library C:\Program Files\Eclipse Adoptium\jdk-21.0.4.7-hotspot\bin\sunmscapi.dll
Event: 4.242 Loaded shared library C:\Program Files\Eclipse Adoptium\jdk-21.0.4.7-hotspot\bin\management.dll
Event: 4.245 Loaded shared library C:\Program Files\Eclipse Adoptium\jdk-21.0.4.7-hotspot\bin\management_ext.dll

Deoptimization events (20 events):
Event: 14.229 Thread 0x0000022379055240 Uncommon trap: trap_request=0xffffffde fr.pc=0x0000022361412cb8 relative=0x0000000000000118
Event: 14.229 Thread 0x0000022379055240 Uncommon trap: reason=class_check action=maybe_recompile pc=0x0000022361412cb8 method=org.antlr.v4.runtime.atn.SingletonPredictionContext.equals(Ljava/lang/Object;)Z @ 8 c2
Event: 14.229 Thread 0x0000022379055240 DEOPT PACKING pc=0x0000022361412cb8 sp=0x000000d5be2f9ec0
Event: 14.229 Thread 0x0000022379055240 DEOPT UNPACKING pc=0x0000022360af46a2 sp=0x000000d5be2f9e48 mode 2
Event: 14.229 Thread 0x0000022379055240 Uncommon trap: trap_request=0xffffffde fr.pc=0x0000022361412cb8 relative=0x0000000000000118
Event: 14.229 Thread 0x0000022379055240 Uncommon trap: reason=class_check action=maybe_recompile pc=0x0000022361412cb8 method=org.antlr.v4.runtime.atn.SingletonPredictionContext.equals(Ljava/lang/Object;)Z @ 8 c2
Event: 14.229 Thread 0x0000022379055240 DEOPT PACKING pc=0x0000022361412cb8 sp=0x000000d5be2f9ef0
Event: 14.229 Thread 0x0000022379055240 DEOPT UNPACKING pc=0x0000022360af46a2 sp=0x000000d5be2f9e78 mode 2
Event: 14.508 Thread 0x0000022379053e90 Uncommon trap: trap_request=0xffffff54 fr.pc=0x00000223613be29c relative=0x0000000000000ebc
Event: 14.509 Thread 0x0000022379053e90 Uncommon trap: reason=speculate_null_assert action=make_not_entrant pc=0x00000223613be29c method=org.springframework.transaction.interceptor.AbstractFallbackTransactionAttributeSource.getTransactionAttribute(Ljava/lang/reflect/Method;Ljava/lang/Class;Z)Lo
Event: 14.509 Thread 0x0000022379053e90 DEOPT PACKING pc=0x00000223613be29c sp=0x000000d5be3fbc40
Event: 14.509 Thread 0x0000022379053e90 DEOPT UNPACKING pc=0x0000022360af46a2 sp=0x000000d5be3fbc68 mode 2
Event: 14.569 Thread 0x0000022379053e90 Uncommon trap: trap_request=0xffffff45 fr.pc=0x0000022361317cec relative=0x0000000000000eac
Event: 14.569 Thread 0x0000022379053e90 Uncommon trap: reason=unstable_if action=reinterpret pc=0x0000022361317cec method=java.util.concurrent.ConcurrentHashMap.putVal(Ljava/lang/Object;Ljava/lang/Object;Z)Ljava/lang/Object; @ 97 c2
Event: 14.569 Thread 0x0000022379053e90 DEOPT PACKING pc=0x0000022361317cec sp=0x000000d5be3f9740
Event: 14.569 Thread 0x0000022379053e90 DEOPT UNPACKING pc=0x0000022360af46a2 sp=0x000000d5be3f96d8 mode 2
Event: 14.577 Thread 0x0000022379053e90 Uncommon trap: trap_request=0xffffff54 fr.pc=0x000002236111e988 relative=0x0000000000001768
Event: 14.577 Thread 0x0000022379053e90 Uncommon trap: reason=speculate_null_assert action=make_not_entrant pc=0x000002236111e988 method=jdk.internal.util.ReferencedKeyMap.internKey(Ljdk/internal/util/ReferencedKeyMap;Ljava/lang/Object;)Ljava/lang/Object; @ 28 c2
Event: 14.577 Thread 0x0000022379053e90 DEOPT PACKING pc=0x000002236111e988 sp=0x000000d5be3f8260
Event: 14.577 Thread 0x0000022379053e90 DEOPT UNPACKING pc=0x0000022360af46a2 sp=0x000000d5be3f8130 mode 2

Classes loaded (20 events):
Event: 13.873 Loading class java/util/EmptyStackException
Event: 13.873 Loading class java/util/EmptyStackException done
Event: 13.906 Loading class java/io/InvalidClassException
Event: 13.906 Loading class java/io/InvalidClassException done
Event: 14.667 Loading class java/util/regex/Pattern$Bound
Event: 14.668 Loading class java/util/regex/Pattern$Bound done
Event: 14.668 Loading class java/util/regex/Pattern$LookBehindEndNode
Event: 14.668 Loading class java/util/regex/Pattern$LookBehindEndNode done
Event: 14.668 Loading class java/util/regex/Pattern$NotBehind
Event: 14.668 Loading class java/util/regex/Pattern$NotBehind done
Event: 14.668 Loading class java/util/regex/Pattern$Neg
Event: 14.669 Loading class java/util/regex/Pattern$Neg done
Event: 14.669 Loading class java/util/regex/Pattern$Behind
Event: 14.669 Loading class java/util/regex/Pattern$Behind done
Event: 14.725 Loading class java/util/AbstractMap$SimpleEntry
Event: 14.725 Loading class java/util/AbstractMap$SimpleEntry done
Event: 15.806 Loading class java/util/concurrent/locks/ReentrantReadWriteLock$Sync$HoldCounter
Event: 15.806 Loading class java/util/concurrent/locks/ReentrantReadWriteLock$Sync$HoldCounter done
Event: 15.864 Loading class jdk/internal/reflect/MethodHandleBooleanFieldAccessorImpl
Event: 15.864 Loading class jdk/internal/reflect/MethodHandleBooleanFieldAccessorImpl done

Classes unloaded (0 events):
No events

Classes redefined (0 events):
No events

Internal exceptions (20 events):
Event: 13.831 Thread 0x0000022379055240 Exception <a 'java/lang/NoSuchMethodError'{0x000000070e4f7a60}: 'double java.lang.invoke.DirectMethodHandle$Holder.invokeStatic(java.lang.Object, double)'> (0x000000070e4f7a60) 
thrown [s\src\hotspot\share\interpreter\linkResolver.cpp, line 773]
Event: 13.832 Thread 0x0000022379055240 Exception <a 'java/lang/NoSuchMethodError'{0x000000070e4fd2f8}: 'double java.lang.invoke.DirectMethodHandle$Holder.invokeStaticInit(java.lang.Object, double)'> (0x000000070e4fd2f8) 
thrown [s\src\hotspot\share\interpreter\linkResolver.cpp, line 773]
Event: 14.688 Thread 0x0000022379053e90 Exception <a 'java/lang/NoSuchMethodError'{0x000000070ec00a80}: 'java.lang.Object java.lang.invoke.DirectMethodHandle$Holder.invokeStatic(java.lang.Object, java.lang.Object, java.lang.Object, java.lang.Object, java.lang.Object, java.lang.Object, java.lang.Object, java.lang.Object, java.lang.Object, java.lang.Object, int)'> (0x000000070ec00a80) 
thrown [s\src\hotspot\share\interpreter\linkResolver.cpp, line 773]
Event: 14.688 Thread 0x0000022379055240 Exception <a 'java/lang/NoSuchMethodError'{0x000000070eff5e20}: 'java.lang.Object java.lang.invoke.DirectMethodHandle$Holder.invokeStatic(java.lang.Object, java.lang.Object, java.lang.Object, java.lang.Object, java.lang.Object, java.lang.Object, java.lang.Object, java.lang.Object, java.lang.Object, java.lang.Object, int)'> (0x000000070eff5e20) 
thrown [s\src\hotspot\share\interpreter\linkResolver.cpp, line 773]
Event: 14.690 Thread 0x0000022379053e90 Exception <a 'java/lang/NoSuchMethodError'{0x000000070ec0b910}: 'java.lang.Object java.lang.invoke.DirectMethodHandle$Holder.invokeStatic(java.lang.Object, java.lang.Object, java.lang.Object, java.lang.Object, java.lang.Object, java.lang.Object, java.lang.Object, java.lang.Object, java.lang.Object, java.lang.Object, java.lang.Object, int)'> (0x000000070ec0b910) 
thrown [s\src\hotspot\share\interpreter\linkResolver.cpp, line 773]
Event: 14.690 Thread 0x0000022379055240 Exception <a 'java/lang/NoSuchMethodError'{0x000000070efff218}: 'java.lang.Object java.lang.invoke.DirectMethodHandle$Holder.invokeStatic(java.lang.Object, java.lang.Object, java.lang.Object, java.lang.Object, java.lang.Object, java.lang.Object, java.lang.Object, java.lang.Object, java.lang.Object, java.lang.Object, java.lang.Object, int)'> (0x000000070efff218) 
thrown [s\src\hotspot\share\interpreter\linkResolver.cpp, line 773]
Event: 14.692 Thread 0x0000022379053e90 Exception <a 'java/lang/NoSuchMethodError'{0x000000070ec59bb8}: 'java.lang.Object java.lang.invoke.DirectMethodHandle$Holder.invokeStatic(java.lang.Object, java.lang.Object, java.lang.Object, java.lang.Object, java.lang.Object, java.lang.Object, java.lang.Object, java.lang.Object, java.lang.Object, int)'> (0x000000070ec59bb8) 
thrown [s\src\hotspot\share\interpreter\linkResolver.cpp, line 773]
Event: 14.692 Thread 0x0000022379055240 Exception <a 'java/lang/NoSuchMethodError'{0x000000070ec1def0}: 'java.lang.Object java.lang.invoke.DirectMethodHandle$Holder.invokeStatic(java.lang.Object, java.lang.Object, java.lang.Object, java.lang.Object, java.lang.Object, java.lang.Object, java.lang.Object, java.lang.Object, java.lang.Object, int)'> (0x000000070ec1def0) 
thrown [s\src\hotspot\share\interpreter\linkResolver.cpp, line 773]
Event: 14.730 Thread 0x0000022379053e90 Exception <a 'java/lang/NoSuchMethodError'{0x000000070edd6240}: 'java.lang.Object java.lang.invoke.DirectMethodHandle$Holder.newInvokeSpecial(java.lang.Object, java.lang.Object, int, int)'> (0x000000070edd6240) 
thrown [s\src\hotspot\share\interpreter\linkResolver.cpp, line 773]
Event: 14.730 Thread 0x0000022379053e90 Exception <a 'java/lang/NoSuchMethodError'{0x000000070edda930}: 'java.lang.Object java.lang.invoke.DirectMethodHandle$Holder.invokeSpecial(java.lang.Object, java.lang.Object, java.lang.Object, int, int)'> (0x000000070edda930) 
thrown [s\src\hotspot\share\interpreter\linkResolver.cpp, line 773]
Event: 14.730 Thread 0x0000022379055240 Exception <a 'java/lang/NoSuchMethodError'{0x000000070ede3110}: 'java.lang.Object java.lang.invoke.DirectMethodHandle$Holder.invokeSpecial(java.lang.Object, java.lang.Object, java.lang.Object, int, int)'> (0x000000070ede3110) 
thrown [s\src\hotspot\share\interpreter\linkResolver.cpp, line 773]
Event: 14.730 Thread 0x0000022379055240 Exception <a 'java/lang/NoSuchMethodError'{0x000000070ede6cd0}: 'java.lang.Object java.lang.invoke.Invokers$Holder.linkToTargetMethod(java.lang.Object, int, int, java.lang.Object)'> (0x000000070ede6cd0) 
thrown [s\src\hotspot\share\interpreter\linkResolver.cpp, line 773]
Event: 14.738 Thread 0x0000022379055240 Exception <a 'java/lang/NoSuchMethodError'{0x000000070ea48648}: 'void java.lang.invoke.DirectMethodHandle$Holder.invokeStatic(java.lang.Object, java.lang.Object, int, int, java.lang.Object)'> (0x000000070ea48648) 
thrown [s\src\hotspot\share\interpreter\linkResolver.cpp, line 773]
Event: 14.738 Thread 0x0000022379053e90 Exception <a 'java/lang/NoSuchMethodError'{0x000000070ea43900}: 'void java.lang.invoke.DirectMethodHandle$Holder.invokeStatic(java.lang.Object, java.lang.Object, int, int, java.lang.Object)'> (0x000000070ea43900) 
thrown [s\src\hotspot\share\interpreter\linkResolver.cpp, line 773]
Event: 14.743 Thread 0x0000022379053e90 Exception <a 'java/lang/NoSuchMethodError'{0x000000070eaa2c48}: 'void java.lang.invoke.DirectMethodHandle$Holder.invokeSpecialIFC(java.lang.Object, java.lang.Object, int, java.lang.Object, java.lang.Object, java.lang.Object, java.lang.Object)'> (0x000000070eaa2c48) 
thrown [s\src\hotspot\share\interpreter\linkResolver.cpp, line 773]
Event: 14.743 Thread 0x0000022379055240 Exception <a 'java/lang/NoSuchMethodError'{0x000000070ea6fbf0}: 'void java.lang.invoke.DirectMethodHandle$Holder.invokeSpecialIFC(java.lang.Object, java.lang.Object, int, java.lang.Object, java.lang.Object, java.lang.Object, java.lang.Object)'> (0x000000070ea6fbf0) 
thrown [s\src\hotspot\share\interpreter\linkResolver.cpp, line 773]
Event: 15.863 Thread 0x0000022379055240 Exception <a 'java/lang/NoSuchMethodError'{0x000000070e820c98}: 'void java.lang.invoke.Invokers$Holder.invokeExact_MT(java.lang.Object, java.lang.Object, int, java.lang.Object)'> (0x000000070e820c98) 
thrown [s\src\hotspot\share\interpreter\linkResolver.cpp, line 773]
Event: 15.863 Thread 0x0000022379053e90 Exception <a 'java/lang/NoSuchMethodError'{0x000000070e910bd0}: 'void java.lang.invoke.Invokers$Holder.invokeExact_MT(java.lang.Object, java.lang.Object, int, java.lang.Object)'> (0x000000070e910bd0) 
thrown [s\src\hotspot\share\interpreter\linkResolver.cpp, line 773]
Event: 15.863 Thread 0x0000022379054bb0 Exception <a 'java/lang/NoSuchMethodError'{0x000000070e8ff060}: 'void java.lang.invoke.Invokers$Holder.invokeExact_MT(java.lang.Object, java.lang.Object, int, java.lang.Object)'> (0x000000070e8ff060) 
thrown [s\src\hotspot\share\interpreter\linkResolver.cpp, line 773]
Event: 15.863 Thread 0x0000022379055f60 Exception <a 'java/lang/NoSuchMethodError'{0x000000070e8e8a30}: 'void java.lang.invoke.Invokers$Holder.invokeExact_MT(java.lang.Object, java.lang.Object, int, java.lang.Object)'> (0x000000070e8e8a30) 
thrown [s\src\hotspot\share\interpreter\linkResolver.cpp, line 773]

ZGC Phase Switch (0 events):
No events

VM Operations (20 events):
Event: 9.519 Executing VM operation: HandshakeAllThreads (Deoptimize) done
Event: 10.533 Executing VM operation: Cleanup
Event: 10.533 Executing VM operation: Cleanup done
Event: 13.544 Executing VM operation: Cleanup
Event: 13.545 Executing VM operation: Cleanup done
Event: 13.573 Executing VM operation: HandshakeAllThreads (Deoptimize)
Event: 13.573 Executing VM operation: HandshakeAllThreads (Deoptimize) done
Event: 13.737 Executing VM operation: HandshakeAllThreads (Deoptimize)
Event: 13.737 Executing VM operation: HandshakeAllThreads (Deoptimize) done
Event: 13.925 Executing VM operation: HandshakeAllThreads (Deoptimize)
Event: 13.925 Executing VM operation: HandshakeAllThreads (Deoptimize) done
Event: 14.207 Executing VM operation: HandshakeAllThreads (Deoptimize)
Event: 14.207 Executing VM operation: HandshakeAllThreads (Deoptimize) done
Event: 14.216 Executing VM operation: ICBufferFull
Event: 14.217 Executing VM operation: ICBufferFull done
Event: 14.217 Executing VM operation: G1CollectForAllocation (G1 Evacuation Pause)
Event: 14.228 Executing VM operation: G1CollectForAllocation (G1 Evacuation Pause) done
Event: 15.230 Executing VM operation: Cleanup
Event: 15.803 Executing VM operation: Cleanup done
Event: 16.809 Executing VM operation: Cleanup

Memory protections (0 events):
No events

Nmethod flushes (20 events):
Event: 7.452 Thread 0x00000223703d7b40 flushing  nmethod 0x000002235994ec10
Event: 7.452 Thread 0x00000223703d7b40 flushing  nmethod 0x0000022359950c90
Event: 7.452 Thread 0x00000223703d7b40 flushing  nmethod 0x0000022359953510
Event: 7.452 Thread 0x00000223703d7b40 flushing  nmethod 0x0000022359984990
Event: 7.452 Thread 0x00000223703d7b40 flushing  nmethod 0x000002235998dc90
Event: 7.452 Thread 0x00000223703d7b40 flushing  nmethod 0x0000022359a34e10
Event: 7.452 Thread 0x00000223703d7b40 flushing  nmethod 0x0000022359a36110
Event: 7.452 Thread 0x00000223703d7b40 flushing  nmethod 0x0000022359a3de90
Event: 7.452 Thread 0x00000223703d7b40 flushing  nmethod 0x0000022359a40690
Event: 7.452 Thread 0x00000223703d7b40 flushing  nmethod 0x0000022359ab4510
Event: 7.452 Thread 0x00000223703d7b40 flushing  nmethod 0x0000022359ab6210
Event: 7.452 Thread 0x00000223703d7b40 flushing  nmethod 0x0000022359ab6c90
Event: 7.452 Thread 0x00000223703d7b40 flushing  nmethod 0x0000022359ab7d10
Event: 7.452 Thread 0x00000223703d7b40 flushing  nmethod 0x0000022359aba090
Event: 7.452 Thread 0x00000223703d7b40 flushing  nmethod 0x0000022359afff90
Event: 7.452 Thread 0x00000223703d7b40 flushing  nmethod 0x0000022359b50890
Event: 7.452 Thread 0x00000223703d7b40 flushing  nmethod 0x0000022359b50e10
Event: 7.452 Thread 0x00000223703d7b40 flushing  nmethod 0x0000022359bd7a90
Event: 7.452 Thread 0x00000223703d7b40 flushing  nmethod 0x0000022359c28010
Event: 7.452 Thread 0x00000223703d7b40 flushing  nmethod 0x0000022359c33110

Events (20 events):
Event: 9.585 Thread 0x000002234eb4fde0 Thread added: 0x0000022379054bb0
Event: 9.585 Thread 0x000002234eb4fde0 Thread added: 0x0000022379055f60
Event: 9.585 Thread 0x000002234eb4fde0 Thread added: 0x0000022379054520
Event: 9.585 Thread 0x000002234eb4fde0 Thread added: 0x00000223790565f0
Event: 9.585 Thread 0x000002234eb4fde0 Thread added: 0x0000022379056c80
Event: 9.585 Thread 0x000002234eb4fde0 Thread added: 0x0000022379dcd1e0
Event: 9.586 Thread 0x000002234eb4fde0 Thread added: 0x0000022379dcec20
Event: 9.602 Thread 0x000002234eb4fde0 Thread added: 0x0000022379dcd870
Event: 9.604 Thread 0x000002234eb4fde0 Thread added: 0x0000022379dd1380
Event: 9.624 Thread 0x000002234eb4fde0 Thread exited: 0x000002234eb4fde0
Event: 9.624 Thread 0x0000022379dcdf00 Thread added: 0x0000022379dcdf00
Event: 12.543 Thread 0x0000022376a26670 Thread exited: 0x0000022376a26670
Event: 13.500 Thread 0x000002237041a070 Thread exited: 0x000002237041a070
Event: 13.984 Thread 0x000002237041d020 Thread exited: 0x000002237041d020
Event: 14.186 Thread 0x00000223704199a0 Thread added: 0x000002237041bbb0
Event: 14.190 Thread 0x00000223704199a0 Thread added: 0x000002237041c950
Event: 14.664 Thread 0x000002237041c950 Thread exited: 0x000002237041c950
Event: 14.664 Thread 0x000002237041bbb0 Thread exited: 0x000002237041bbb0
Event: 15.806 Thread 0x00000223704199a0 Thread added: 0x000002237041a740
Event: 15.819 Thread 0x0000022379054bb0 Thread added: 0x0000022379dd1a10


Dynamic libraries:
0x00007ff6d0b00000 - 0x00007ff6d0b0e000 	C:\Program Files\Eclipse Adoptium\jdk-21.0.4.7-hotspot\bin\java.exe
0x00007ffd6bd00000 - 0x00007ffd6bf68000 	C:\WINDOWS\SYSTEM32\ntdll.dll
0x00007ffd6b190000 - 0x00007ffd6b259000 	C:\WINDOWS\System32\KERNEL32.DLL
0x00007ffd69040000 - 0x00007ffd6942d000 	C:\WINDOWS\System32\KERNELBASE.dll
0x00007ffd698c0000 - 0x00007ffd69a0b000 	C:\WINDOWS\System32\ucrtbase.dll
0x00007ffd3d6a0000 - 0x00007ffd3d6bb000 	C:\Program Files\Eclipse Adoptium\jdk-21.0.4.7-hotspot\bin\VCRUNTIME140.dll
0x00007ffd3f860000 - 0x00007ffd3f878000 	C:\Program Files\Eclipse Adoptium\jdk-21.0.4.7-hotspot\bin\jli.dll
0x00007ffd69d00000 - 0x00007ffd69ecc000 	C:\WINDOWS\System32\USER32.dll
0x00007ffd69710000 - 0x00007ffd69737000 	C:\WINDOWS\System32\win32u.dll
0x00007ffd50260000 - 0x00007ffd504fa000 	C:\WINDOWS\WinSxS\amd64_microsoft.windows.common-controls_6595b64144ccf1df_6.0.26100.4484_none_3e0e6d4ce32ef3b3\COMCTL32.dll
0x00007ffd6a360000 - 0x00007ffd6a38b000 	C:\WINDOWS\System32\GDI32.dll
0x00007ffd69aa0000 - 0x00007ffd69b49000 	C:\WINDOWS\System32\msvcrt.dll
0x00007ffd68f00000 - 0x00007ffd69037000 	C:\WINDOWS\System32\gdi32full.dll
0x00007ffd68e50000 - 0x00007ffd68ef3000 	C:\WINDOWS\System32\msvcp_win.dll
0x00007ffd69cc0000 - 0x00007ffd69cef000 	C:\WINDOWS\System32\IMM32.DLL
0x00007ffd41ea0000 - 0x00007ffd41eac000 	C:\Program Files\Eclipse Adoptium\jdk-21.0.4.7-hotspot\bin\vcruntime140_1.dll
0x00007ffd26030000 - 0x00007ffd260be000 	C:\Program Files\Eclipse Adoptium\jdk-21.0.4.7-hotspot\bin\msvcp140.dll
0x00007ffcfbb70000 - 0x00007ffcfc8f8000 	C:\Program Files\Eclipse Adoptium\jdk-21.0.4.7-hotspot\bin\server\jvm.dll
0x00007ffd6b3a0000 - 0x00007ffd6b454000 	C:\WINDOWS\System32\ADVAPI32.dll
0x00007ffd6a440000 - 0x00007ffd6a4e6000 	C:\WINDOWS\System32\sechost.dll
0x00007ffd6bba0000 - 0x00007ffd6bcb8000 	C:\WINDOWS\System32\RPCRT4.dll
0x00007ffd6a4f0000 - 0x00007ffd6a564000 	C:\WINDOWS\System32\WS2_32.dll
0x00007ffd68ca0000 - 0x00007ffd68cfe000 	C:\WINDOWS\SYSTEM32\POWRPROF.dll
0x00007ffd5f540000 - 0x00007ffd5f54b000 	C:\WINDOWS\SYSTEM32\VERSION.dll
0x00007ffd5a9f0000 - 0x00007ffd5aa25000 	C:\WINDOWS\SYSTEM32\WINMM.dll
0x00007ffd68c80000 - 0x00007ffd68c94000 	C:\WINDOWS\SYSTEM32\UMPDC.dll
0x00007ffd67bf0000 - 0x00007ffd67c0b000 	C:\WINDOWS\SYSTEM32\kernel.appcore.dll
0x00007ffd41c80000 - 0x00007ffd41c8a000 	C:\Program Files\Eclipse Adoptium\jdk-21.0.4.7-hotspot\bin\jimage.dll
0x00007ffd59ac0000 - 0x00007ffd59d01000 	C:\WINDOWS\SYSTEM32\DBGHELP.DLL
0x00007ffd6b460000 - 0x00007ffd6b7e6000 	C:\WINDOWS\System32\combase.dll
0x00007ffd6b8c0000 - 0x00007ffd6b9a0000 	C:\WINDOWS\System32\OLEAUT32.dll
0x00007ffd4ea40000 - 0x00007ffd4ea83000 	C:\WINDOWS\SYSTEM32\dbgcore.DLL
0x00007ffd695b0000 - 0x00007ffd69649000 	C:\WINDOWS\System32\bcryptPrimitives.dll
0x00007ffd415a0000 - 0x00007ffd415af000 	C:\Program Files\Eclipse Adoptium\jdk-21.0.4.7-hotspot\bin\instrument.dll
0x00007ffd3d160000 - 0x00007ffd3d17f000 	C:\Program Files\Eclipse Adoptium\jdk-21.0.4.7-hotspot\bin\java.dll
0x00007ffd6aa40000 - 0x00007ffd6b18a000 	C:\WINDOWS\System32\SHELL32.dll
0x00007ffd69740000 - 0x00007ffd698b4000 	C:\WINDOWS\System32\wintypes.dll
0x00007ffd66a60000 - 0x00007ffd672bb000 	C:\WINDOWS\SYSTEM32\windows.storage.dll
0x00007ffd6a7d0000 - 0x00007ffd6a8c5000 	C:\WINDOWS\System32\SHCORE.dll
0x00007ffd69c50000 - 0x00007ffd69cba000 	C:\WINDOWS\System32\shlwapi.dll
0x00007ffd68d60000 - 0x00007ffd68d8f000 	C:\WINDOWS\SYSTEM32\profapi.dll
0x00007ffd18280000 - 0x00007ffd18357000 	C:\Program Files\Eclipse Adoptium\jdk-21.0.4.7-hotspot\bin\jsvml.dll
0x00007ffd3bd10000 - 0x00007ffd3bd28000 	C:\Program Files\Eclipse Adoptium\jdk-21.0.4.7-hotspot\bin\zip.dll
0x00007ffd41ac0000 - 0x00007ffd41ad0000 	C:\Program Files\Eclipse Adoptium\jdk-21.0.4.7-hotspot\bin\net.dll
0x00007ffd62260000 - 0x00007ffd6237e000 	C:\WINDOWS\SYSTEM32\WINHTTP.dll
0x00007ffd68180000 - 0x00007ffd681ea000 	C:\WINDOWS\system32\mswsock.dll
0x00007ffd3d140000 - 0x00007ffd3d156000 	C:\Program Files\Eclipse Adoptium\jdk-21.0.4.7-hotspot\bin\nio.dll
0x00007ffd3b470000 - 0x00007ffd3b48a000 	C:\Program Files\JetBrains\IntelliJ IDEA Community Edition 2024.2.0.2\bin\breakgen64.dll
0x00007ffd3c750000 - 0x00007ffd3c759000 	C:\Program Files\Eclipse Adoptium\jdk-21.0.4.7-hotspot\bin\extnet.dll
0x00007ffd3c800000 - 0x00007ffd3c80e000 	C:\Program Files\Eclipse Adoptium\jdk-21.0.4.7-hotspot\bin\sunmscapi.dll
0x00007ffd69430000 - 0x00007ffd695a7000 	C:\WINDOWS\System32\CRYPT32.dll
0x00007ffd68650000 - 0x00007ffd68680000 	C:\WINDOWS\SYSTEM32\ncrypt.dll
0x00007ffd68600000 - 0x00007ffd6863f000 	C:\WINDOWS\SYSTEM32\NTASN1.dll
0x00007ffd68440000 - 0x00007ffd6845b000 	C:\WINDOWS\SYSTEM32\CRYPTSP.dll
0x00007ffd67b50000 - 0x00007ffd67b8b000 	C:\WINDOWS\system32\rsaenh.dll
0x00007ffd68220000 - 0x00007ffd6824b000 	C:\WINDOWS\SYSTEM32\USERENV.dll
0x00007ffd68d30000 - 0x00007ffd68d56000 	C:\WINDOWS\SYSTEM32\bcrypt.dll
0x00007ffd68430000 - 0x00007ffd6843c000 	C:\WINDOWS\SYSTEM32\CRYPTBASE.dll
0x00007ffd67570000 - 0x00007ffd675a3000 	C:\WINDOWS\SYSTEM32\IPHLPAPI.DLL
0x00007ffd6b8b0000 - 0x00007ffd6b8ba000 	C:\WINDOWS\System32\NSI.dll
0x00007ffd3db90000 - 0x00007ffd3db9a000 	C:\Program Files\Eclipse Adoptium\jdk-21.0.4.7-hotspot\bin\management.dll
0x00007ffd3c9b0000 - 0x00007ffd3c9bb000 	C:\Program Files\Eclipse Adoptium\jdk-21.0.4.7-hotspot\bin\management_ext.dll
0x00007ffd6bb90000 - 0x00007ffd6bb98000 	C:\WINDOWS\System32\PSAPI.DLL
0x00007ffd675b0000 - 0x00007ffd676d6000 	C:\WINDOWS\SYSTEM32\DNSAPI.dll
0x00007ffd61490000 - 0x00007ffd6149b000 	C:\Windows\System32\rasadhlp.dll
0x00007ffd621d0000 - 0x00007ffd62256000 	C:\WINDOWS\System32\fwpuclnt.dll
0x00007ffd5fba0000 - 0x00007ffd5fba8000 	C:\WINDOWS\system32\wshunix.dll

dbghelp: loaded successfully - version: 4.0.5 - missing functions: none
symbol engine: initialized successfully - sym options: 0x614 - pdb path: .;C:\Program Files\Eclipse Adoptium\jdk-21.0.4.7-hotspot\bin;C:\WINDOWS\SYSTEM32;C:\WINDOWS\WinSxS\amd64_microsoft.windows.common-controls_6595b64144ccf1df_6.0.26100.4484_none_3e0e6d4ce32ef3b3;C:\Program Files\Eclipse Adoptium\jdk-21.0.4.7-hotspot\bin\server;C:\Program Files\JetBrains\IntelliJ IDEA Community Edition 2024.2.0.2\bin

VM Arguments:
jvm_args: -javaagent:C:\Program Files\JetBrains\IntelliJ IDEA Community Edition 2024.2.0.2\lib\idea_rt.jar=57712:C:\Program Files\JetBrains\IntelliJ IDEA Community Edition 2024.2.0.2\bin -Dfile.encoding=UTF-8 -Dsun.stdout.encoding=UTF-8 -Dsun.stderr.encoding=UTF-8 
java_command: Backend.VotingBackendApplication
java_class_path (initial): C:\Users\Admin\Downloads\Backend\Backend\target\classes;C:\Users\Admin\.m2\repository\org\springframework\boot\spring-boot-starter-data-jpa\4.0.2\spring-boot-starter-data-jpa-4.0.2.jar;C:\Users\Admin\.m2\repository\org\springframework\boot\spring-boot-starter\4.0.2\spring-boot-starter-4.0.2.jar;C:\Users\Admin\.m2\repository\org\springframework\boot\spring-boot-starter-logging\4.0.2\spring-boot-starter-logging-4.0.2.jar;C:\Users\Admin\.m2\repository\ch\qos\logback\logback-classic\1.5.25\logback-classic-1.5.25.jar;C:\Users\Admin\.m2\repository\ch\qos\logback\logback-core\1.5.25\logback-core-1.5.25.jar;C:\Users\Admin\.m2\repository\org\apache\logging\log4j\log4j-to-slf4j\2.25.3\log4j-to-slf4j-2.25.3.jar;C:\Users\Admin\.m2\repository\org\apache\logging\log4j\log4j-api\2.25.3\log4j-api-2.25.3.jar;C:\Users\Admin\.m2\repository\org\slf4j\jul-to-slf4j\2.0.17\jul-to-slf4j-2.0.17.jar;C:\Users\Admin\.m2\repository\org\springframework\boot\spring-boot-autoconfigure\4.0.2\spring-boot-autoconfigure-4.0.2.jar;C:\Users\Admin\.m2\repository\jakarta\annotation\jakarta.annotation-api\3.0.0\jakarta.annotation-api-3.0.0.jar;C:\Users\Admin\.m2\repository\org\yaml\snakeyaml\2.5\snakeyaml-2.5.jar;C:\Users\Admin\.m2\repository\org\springframework\boot\spring-boot-starter-jdbc\4.0.2\spring-boot-starter-jdbc-4.0.2.jar;C:\Users\Admin\.m2\repository\com\zaxxer\HikariCP\7.0.2\HikariCP-7.0.2.jar;C:\Users\Admin\.m2\repository\org\slf4j\slf4j-api\2.0.17\slf4j-api-2.0.17.jar;C:\Users\Admin\.m2\repository\org\springframework\boot\spring-boot-data-jpa\4.0.2\spring-boot-data-jpa-4.0.2.jar;C:\Users\Admin\.m2\repository\org\springframework\boot\spring-boot-data-commons\4.0.2\spring-boot-data-commons-4.0.2.jar;C:\Users\Admin\.m2\repository\org\springframework\boot\spring-boot-persistence\4.0.2\spring-boot-persistence-4.0.2.jar;C:\Users\Admin\.m2\repository\org\springframework\data\spring-data-commons\4.0.2\spring-data-commons-4.0.2.jar;C:\Users\Admin\.m2\repository\org\springframework\boot\spring-boot-hibernate\4.0.2\spring-boot-hibernate-4.0.2.jar;C:\Users\Admin\.m2\repository\org\springframework\boot\spring-boot-jpa\4.0.2\spring-boot-jpa-4.0.2.jar;C:\Users\Admin\.m2\repository\jakarta\persistence\jakarta.persistence-api\3.2.0\jakarta.persistence-api-3.2.0.jar;C:\Users\Admin\.m2\repository\org\hibernate\orm\hibernate-core\7.2.1.Final\hibernate-core-7.2.1.Final.jar;C:\Users\Admin\.m2\repository\jakarta\transaction\jakarta.transaction-api\2.0.1\jakarta.transaction-api-2.0.1.jar;C:\Users\Admin\.m2\repository\org\hibernate\models\hibernate-models\1.0.1\hibernate-models-1.0.1.jar;C:\Users\Admin\.m2\repository\org\glassfish\jaxb\jaxb-runtime\4.0.6\jaxb-runtime-4.0.6.jar;C:\Users\Admin\.m2\repository\org\glassfish\jaxb\jaxb-core\4.0.6\jaxb-core-4.0.6.jar;C:\Users\Admin\.m2\repository\org\eclipse\angus\angus-activation\2.0.3\angus-activation-2.0.3.jar;C:\Users\Admin\.m2\repository\org\glassfish\jaxb\txw2\4.0.6\txw2-4.0.6.jar;C:\Users\Admin\.m2\repository\com\sun\istack\istack-commons-runtime\4.1.2\istack-commons-runtime-4.1.2.jar;C:\Users\Admin\.m2\repository\jakarta\inject\jakarta.inject-api\2.0.1\jakarta.inject-api-2.0.1.jar;C:\Users\Admin\.m2\repository\org\springframework\spring-orm\7.0.3\spring-orm-7.0.3.jar;C:\Users\Admin\.m2\repository\org\springframework\data\spring-data-jpa\4.0.2\spring-data-jpa-4.0.2.jar;C:\Users\Admin\.m2\repository\org\springframework\spring-context\7.0.3\spring-context-7.0.3.jar;C:\Users\Admin\.m2\repository\org\springframework\spring-tx\7.0.3\spring-tx-7.0.3.jar;C:\Users\Admin\.m2\repository\org\antlr\antlr4-runtime\4.13.2\antlr4-runtime-4.13.2.jar;C:\Users\Admin\.m2\repository\org\springframework\spring-aspects\7.0.3\spring-aspects-7.0.3.jar;C:\Users\Admin\.m2\repository\org\aspectj\aspectjweaver\1.9.25.1\aspectjweaver-1.9.25.1.jar;C:\Users\Admin\.m2\repository\org\springframework\boot\spring-boot-jdbc\4.0.2\spring-boot-jdbc-4.0.2.jar;C:\Users\Admin\.m2\repository\org\springframework\boot\spring-boot\4.0.2\spring-boot-4.0.2.jar;C:\Users\Admin\.m2\repository\org\springframework\boot\spring-boot-sql\4.0.2\spring-boot-sql-4.0.2.jar;C:\Users\Admin\.m2\repository\org\springframework\boot\spring-boot-transaction\4.0.2\spring-boot-transaction-4.0.2.jar;C:\Users\Admin\.m2\repository\org\springframework\spring-jdbc\7.0.3\spring-jdbc-7.0.3.jar;C:\Users\Admin\.m2\repository\org\springframework\boot\spring-boot-starter-security\4.0.2\spring-boot-starter-security-4.0.2.jar;C:\Users\Admin\.m2\repository\org\springframework\boot\spring-boot-security\4.0.2\spring-boot-security-4.0.2.jar;C:\Users\Admin\.m2\repository\org\springframework\security\spring-security-config\7.0.2\spring-security-config-7.0.2.jar;C:\Users\Admin\.m2\repository\org\springframework\security\spring-security-core\7.0.2\spring-security-core-7.0.2.jar;C:\Users\Admin\.m2\repository\org\springframework\security\spring-security-crypto\7.0.2\spring-security-crypto-7.0.2.jar;C:\Users\Admin\.m2\repository\org\springframework\security\spring-security-web\7.0.2\spring-security-web-7.0.2.jar;C:\Users\Admin\.m2\repository\org\springframework\spring-expression\7.0.3\spring-expression-7.0.3.jar;C:\Users\Admin\.m2\repository\org\springframework\spring-aop\7.0.3\spring-aop-7.0.3.jar;C:\Users\Admin\.m2\repository\org\springframework\spring-beans\7.0.3\spring-beans-7.0.3.jar;C:\Users\Admin\.m2\repository\org\springframework\spring-core\7.0.3\spring-core-7.0.3.jar;C:\Users\Admin\.m2\repository\commons-logging\commons-logging\1.3.5\commons-logging-1.3.5.jar;C:\Users\Admin\.m2\repository\org\jspecify\jspecify\1.0.0\jspecify-1.0.0.jar;C:\Users\Admin\.m2\repository\org\springframework\boot\spring-boot-starter-validation\4.0.2\spring-boot-starter-validation-4.0.2.jar;C:\Users\Admin\.m2\repository\org\springframework\boot\spring-boot-validation\4.0.2\spring-boot-validation-4.0.2.jar;C:\Users\Admin\.m2\repository\org\apache\tomcat\embed\tomcat-embed-el\11.0.15\tomcat-embed-el-11.0.15.jar;C:\Users\Admin\.m2\repository\org\hibernate\validator\hibernate-validator\9.0.1.Final\hibernate-validator-9.0.1.Final.jar;C:\Users\Admin\.m2\repository\jakarta\validation\jakarta.validation-api\3.1.1\jakarta.validation-api-3.1.1.jar;C:\Users\Admin\.m2\repository\org\jboss\logging\jboss-logging\3.6.1.Final\jboss-logging-3.6.1.Final.jar;C:\Users\Admin\.m2\repository\com\fasterxml\classmate\1.7.3\classmate-1.7.3.jar;C:\Users\Admin\.m2\repository\org\springframework\boot\spring-boot-starter-webmvc\4.0.2\spring-boot-starter-webmvc-4.0.2.jar;C:\Users\Admin\.m2\repository\org\springframework\boot\spring-boot-starter-jackson\4.0.2\spring-boot-starter-jackson-4.0.2.jar;C:\Users\Admin\.m2\repository\org\springframework\boot\spring-boot-jackson\4.0.2\spring-boot-jackson-4.0.2.jar;C:\Users\Admin\.m2\repository\tools\jackson\core\jackson-databind\3.0.4\jackson-databind-3.0.4.jar;C:\Users\Admin\.m2\repository\tools\jackson\core\jackson-core\3.0.4\jackson-core-3.0.4.jar;C:\Users\Admin\.m2\repository\org\springframework\boot\spring-boot-starter-tomcat\4.0.2\spring-boot-starter-tomcat-4.0.2.jar;C:\Users\Admin\.m2\repository\org\springframework\boot\spring-boot-starter-tomcat-runtime\4.0.2\spring-boot-starter-tomcat-runtime-4.0.2.jar;C:\Users\Admin\.m2\repository\org\apache\tomcat\embed\tomcat-embed-core\11.0.15\tomcat-embed-core-11.0.15.jar;C:\Users\Admin\.m2\repository\org\apache\tomcat\embed\tomcat-embed-websocket\11.0.15\tomcat-embed-websocket-11.0.15.jar;C:\Users\Admin\.m2\repository\org\springframework\boot\spring-boot-tomcat\4.0.2\spring-boot-tomcat-4.0.2.jar;C:\Users\Admin\.m2\repository\org\springframework\boot\spring-boot-http-converter\4.0.2\spring-boot-http-converter-4.0.2.jar;C:\Users\Admin\.m2\repository\org\springframework\spring-web\7.0.3\spring-web-7.0.3.jar;C:\Users\Admin\.m2\repository\io\micrometer\micrometer-observation\1.16.2\micrometer-observation-1.16.2.jar;C:\Users\Admin\.m2\repository\io\micrometer\micrometer-commons\1.16.2\micrometer-commons-1.16.2.jar;C:\Users\Admin\.m2\repository\org\springframework\boot\spring-boot-webmvc\4.0.2\spring-boot-webmvc-4.0.2.jar;C:\Users\Admin\.m2\repository\org\springframework\boot\spring-boot-servlet\4.0.2\spring-boot-servlet-4.0.2.jar;C:\Users\Admin\.m2\repository\org\springframework\spring-webmvc\7.0.3\spring-webmvc-7.0.3.jar;C:\Users\Admin\.m2\repository\io\jsonwebtoken\jjwt-api\0.11.5\jjwt-api-0.11.5.jar;C:\Users\Admin\.m2\repository\io\jsonwebtoken\jjwt-impl\0.11.5\jjwt-impl-0.11.5.jar;C:\Users\Admin\.m2\repository\io\jsonwebtoken\jjwt-jackson\0.11.5\jjwt-jackson-0.11.5.jar;C:\Users\Admin\.m2\repository\com\fasterxml\jackson\core\jackson-databind\2.20.2\jackson-databind-2.20.2.jar;C:\Users\Admin\.m2\repository\com\fasterxml\jackson\core\jackson-annotations\2.20\jackson-annotations-2.20.jar;C:\Users\Admin\.m2\repository\com\fasterxml\jackson\core\jackson-core\2.20.2\jackson-core-2.20.2.jar;C:\Users\Admin\.m2\repository\org\postgresql\postgresql\42.7.9\postgresql-42.7.9.jar;C:\Users\Admin\.m2\repository\org\checkerframework\checker-qual\3.52.0\checker-qual-3.52.0.jar;C:\Users\Admin\.m2\repository\org\projectlombok\lombok\1.18.42\lombok-1.18.42.jar;C:\Users\Admin\.m2\repository\jakarta\xml\bind\jakarta.xml.bind-api\4.0.4\jakarta.xml.bind-api-4.0.4.jar;C:\Users\Admin\.m2\repository\jakarta\activation\jakarta.activation-api\2.1.4\jakarta.activation-api-2.1.4.jar;C:\Users\Admin\.m2\repository\net\bytebuddy\byte-buddy\1.17.8\byte-buddy-1.17.8.jar;C:\Users\Admin\.m2\repository\org\springframework\boot\spring-boot-web-server\4.0.2\spring-boot-web-server-4.0.2.jar
Launcher Type: SUN_STANDARD

[Global flags]
     intx CICompilerCount                          = 4                                         {product} {ergonomic}
     uint ConcGCThreads                            = 3                                         {product} {ergonomic}
     uint G1ConcRefinementThreads                  = 10                                        {product} {ergonomic}
   size_t G1HeapRegionSize                         = 2097152                                   {product} {ergonomic}
    uintx GCDrainStackTargetSize                   = 64                                        {product} {ergonomic}
   size_t InitialHeapSize                          = 257949696                                 {product} {ergonomic}
   size_t MarkStackSize                            = 4194304                                   {product} {ergonomic}
   size_t MaxHeapSize                              = 4114612224                                {product} {ergonomic}
   size_t MaxNewSize                               = 2468347904                                {product} {ergonomic}
   size_t MinHeapDeltaBytes                        = 2097152                                   {product} {ergonomic}
   size_t MinHeapSize                              = 8388608                                   {product} {ergonomic}
    uintx NonNMethodCodeHeapSize                   = 5839372                                {pd product} {ergonomic}
    uintx NonProfiledCodeHeapSize                  = 122909434                              {pd product} {ergonomic}
    uintx ProfiledCodeHeapSize                     = 122909434                              {pd product} {ergonomic}
    uintx ReservedCodeCacheSize                    = 251658240                              {pd product} {ergonomic}
     bool SegmentedCodeCache                       = true                                      {product} {ergonomic}
   size_t SoftMaxHeapSize                          = 4114612224                             {manageable} {ergonomic}
     bool UseCompressedOops                        = true                           {product lp64_product} {ergonomic}
     bool UseG1GC                                  = true                                      {product} {ergonomic}
     bool UseLargePagesIndividualAllocation        = false                                  {pd product} {ergonomic}

Logging:
Log output configuration:
 #0: stdout all=warning uptime,level,tags foldmultilines=false
 #1: stderr all=off uptime,level,tags foldmultilines=false

Environment Variables:
JAVA_HOME=C:\Program Files\Eclipse Adoptium\jdk-17.0.12.7-hotspot\
PATH=C:\Users\Admin\Downloads\apache-maven-3.9.9-bin\apache-maven-3.9.9\bin;C:\Program Files\Eclipse Adoptium\jdk-17.0.12.7-hotspot\bin;C:\WINDOWS\system32;C:\WINDOWS;C:\WINDOWS\System32\Wbem;C:\WINDOWS\System32\WindowsPowerShell\v1.0\;C:\WINDOWS\System32\OpenSSH\;C:\Program Files (x86)\NVIDIA Corporation\PhysX\Common;C:\Program Files\dotnet\;C:\Program Files\Microsoft SQL Server\150\Tools\Binn\;C:\Program Files\Git\cmd;C:\Program Files\nodejs\;C:\Program Files\NVIDIA Corporation\NVIDIA App\NvDLISR;C:\Program Files\Docker\Docker\resources\bin;C:\Program Files\PowerShell\7\;C:\Program Files\PostgreSQL\18\bin;C:\WINDOWS\system32;C:\WINDOWS;C:\WINDOWS\System32\Wbem;C:\WINDOWS\System32\WindowsPowerShell\v1.0\;C:\WINDOWS\System32\OpenSSH\;C:\Program Files (x86)\NVIDIA Corporation\PhysX\Common;C:\Program Files\dotnet\;C:\Program Files\Microsoft SQL Server\150\Tools\Binn\;C:\Program Files\Microsoft SQL Server\Client SDK\ODBC\170\Tools\Binn\;C:\Program Files (x86)\Microsoft SQL Server\160\DTS\Binn\;C:\Program Files\Git\cmd;C:\Program Files\nodejs\;C:\Program Files\NVIDIA Corporation\NVIDIA App\NvDLISR;C:\Program Files\Docker\Docker\resources\bin;C:\Program Files\MySQL\MySQL Shell 8.0\bin\;C:\Users\Admin\AppData\Local\Programs\Python\Launcher\;C:\Users\Admin\AppData\Local\Microsoft\WindowsApps;C:\Users\Admin\AppData\Local\Programs\Microsoft VS Code\bin;C:\Users\Admin\AppData\Local\GitHubDesktop\bin;%IntelliJ IDEA Community Edition%;C:\Users\Admin\.dotnet\tools;C:\Users\Admin\AppData\Roaming\n;C:\flutter\bin;C:\Users\Admin\AppData\Local\Programs\cursor\resources\app\bin;C:\Users\Admin\AppData\Local\Programs\Antigravity\bin
USERNAME=Admin
OS=Windows_NT
PROCESSOR_IDENTIFIER=AMD64 Family 25 Model 68 Stepping 1, AuthenticAMD
TMP=C:\Users\Admin\AppData\Local\Temp
TEMP=C:\Users\Admin\AppData\Local\Temp




Periodic native trim disabled

---------------  S Y S T E M  ---------------

OS:
 Windows 11 , 64 bit Build 26100 (10.0.26100.4484)
OS uptime: 5 days 22:46 hours
Hyper-V role detected

CPU: total 12 (initial active 12) (12 cores per cpu, 2 threads per core) family 25 model 68 stepping 1 microcode 0xa404107, cx8, cmov, fxsr, ht, mmx, 3dnowpref, sse, sse2, sse3, ssse3, sse4a, sse4.1, sse4.2, popcnt, lzcnt, tsc, tscinvbit, avx, avx2, aes, erms, clmul, bmi1, bmi2, adx, sha, fma, vzeroupper, clflush, clflushopt, hv, rdtscp, rdpid, fsrm, f16c, cet_ss
Processor Information for processor 0
  Max Mhz: 3301, Current Mhz: 2496, Mhz Limit: 3301
Processor Information for processor 1
  Max Mhz: 3301, Current Mhz: 2496, Mhz Limit: 3301
Processor Information for processor 2
  Max Mhz: 3301, Current Mhz: 2496, Mhz Limit: 3301
Processor Information for processor 3
  Max Mhz: 3301, Current Mhz: 2024, Mhz Limit: 3301
Processor Information for processor 4
  Max Mhz: 3301, Current Mhz: 2496, Mhz Limit: 3301
Processor Information for processor 5
  Max Mhz: 3301, Current Mhz: 2496, Mhz Limit: 3301
Processor Information for processor 6
  Max Mhz: 3301, Current Mhz: 2496, Mhz Limit: 3301
Processor Information for processor 7
  Max Mhz: 3301, Current Mhz: 2496, Mhz Limit: 3301
Processor Information for processor 8
  Max Mhz: 3301, Current Mhz: 2024, Mhz Limit: 3301
Processor Information for processor 9
  Max Mhz: 3301, Current Mhz: 2024, Mhz Limit: 3301
Processor Information for processor 10
  Max Mhz: 3301, Current Mhz: 2024, Mhz Limit: 3301
Processor Information for processor 11
  Max Mhz: 3301, Current Mhz: 2024, Mhz Limit: 3301

Memory: 4k page, system-wide physical 15690M (1146M free)
TotalPageFile size 23882M (AvailPageFile size 5M)
current process WorkingSet (physical memory assigned to process): 294M, peak: 306M
current process commit charge ("private bytes"): 336M, peak: 409M

vm_info: OpenJDK 64-Bit Server VM (21.0.4+7-LTS) for windows-amd64 JRE (21.0.4+7-LTS), built on 2024-07-16T00:00:00Z by "admin" with MS VC++ 17.7 (VS2022)

END.
